// Jest Snapshot v1, https://goo.gl/fbAQLP

exports[`renders correctly 1`] = `
<svg
  className="bezier__background "
  onMouseLeave={[Function]}
  onMouseMove={[Function]}
  onMouseUp={[Function]}
  style={Object {}}
>
  <path
    d="MNaN,NaN
    CNaN,NaN
    NaN,NaN
    NaN,NaN"
    fill="none"
    stroke="#aaaaaa"
    strokeWidth={3}
  />
  <g>
    <line
      stroke="#00c0ff"
      strokeWidth={3}
      x1={0}
      x2={NaN}
      y2={NaN}
    />
    <circle
      cx={NaN}
      cy={NaN}
      fill="#00c0ff"
      onMouseDown={[Function]}
      onMouseEnter={[Function]}
      onMouseLeave={[Function]}
      onMouseUp={[Function]}
      r={5}
      stroke="#00c0ff"
      strokeWidth={3}
    />
  </g>
  <g>
    <line
      stroke="#00c0ff"
      strokeWidth={3}
      x2={NaN}
      y1={0}
      y2={NaN}
    />
    <circle
      cx={NaN}
      cy={NaN}
      fill="#00c0ff"
      onMouseDown={[Function]}
      onMouseEnter={[Function]}
      onMouseLeave={[Function]}
      onMouseUp={[Function]}
      r={5}
      stroke="#00c0ff"
      strokeWidth={3}
    />
  </g>
</svg>
`;
